{"bar-id":{"required":false},"baz-source":{"required":false},"foo-source":{"required":false},"quux-source":{"required":false}}
