{"bar":{"required":true},"baz":{"required":true},"foo":{"required":true},"quux":{"required":true}}
