{"bar":{"required":false},"foo":{"required":false}}
