{"bar":{"required":false},"baz":{"required":false},"foo":{"required":false}}
